Building NilradicalFrozenChallenge
✔ [3653/3674] Built Kourovka.External.TauCeti.CategoryTheory.Skeletal (2.9s)
✔ [3654/3674] Built Kourovka.External.TauCeti.Algebra.Group.Conj (2.3s)
✔ [3655/3674] Built Kourovka.External.TauCeti.RepresentationTheory.Subrepresentation (3.9s)
✔ [3656/3674] Built Kourovka.External.TauCeti.RingTheory.Semisimple.DoubleCentralizer (4.5s)
✔ [3657/3674] Built Kourovka.External.TauCeti.RingTheory.Semisimple.Schur (4.7s)
✔ [3658/3674] Built Kourovka.External.TauCeti.RepresentationTheory.FDRep (4.8s)
✔ [3659/3674] Built Kourovka.External.TauCeti.RepresentationTheory.CharacterTable.ClassFunction (3.1s)
✔ [3660/3674] Built Kourovka.External.TauCeti.RepresentationTheory.Irreducible (3.6s)
✔ [3661/3674] Built Kourovka.External.TauCeti.RepresentationTheory.Simple.Basic (4.4s)
✔ [3662/3674] Built Kourovka.Problems.P21_68.Proof.Obstruction (10s)
✔ [3663/3674] Built Kourovka.External.TauCeti.RepresentationTheory.LinearCharacter (4.3s)
✔ [3664/3674] Built Kourovka.External.TauCeti.RepresentationTheory.Induction.Restriction (6.3s)
✔ [3665/3674] Built Kourovka.External.TauCeti.RepresentationTheory.Induction.FiniteDimensional (8.3s)
✔ [3666/3674] Built Kourovka.Problems.P21_68.Proof.QuaternionRep.Matrices (25s)
✔ [3667/3674] Built Kourovka.Problems.P21_68.Proof.Groups (26s)
✔ [3668/3674] Built Kourovka.Problems.P21_68.Statement (15s)
✔ [3669/3674] Built Kourovka.Problems.P21_68.Proof.Semiabelian (8.2s)
✔ [3670/3674] Built Kourovka.Problems.P21_68.Proof.QuaternionRep (12s)
✔ [3671/3674] Built Kourovka.Problems.P21_68.Proof.AbelianKernel (18s)
✔ [3672/3674] Built Kourovka.Problems.P21_68.Proof.InertiaRep (31s)
⚠ [3673/3674] Built NilradicalFrozenChallenge (4.6s)
warning: NilradicalFrozenChallenge.lean:13:9: declaration uses `sorry`
warning: NilradicalFrozenChallenge.lean:16:8: declaration uses `sorry`
warning: NilradicalFrozenChallenge.lean:19:8: declaration uses `sorry`
warning: NilradicalFrozenChallenge.lean:22:8: declaration uses `sorry`
warning: NilradicalFrozenChallenge.lean:25:8: declaration uses `sorry`
Build completed successfully (3674 jobs).
Exporting #[Quot, Quot.mk, Quot.lift, Quot.ind, Kourovka.P21_68.simple_witnessRepresentation, Kourovka.P21_68.finrank_witnessRepresentation, Kourovka.P21_68.witness_not_monomial, Kourovka.P21_68.G_not_monomial, Kourovka.P21_68.not_notebookStatement, Kourovka.P21_68.G_semiabelian, Kourovka.P21_68.card_G, propext, Quot.sound, Classical.choice, Nat.add, Nat.sub, Nat.mul, Nat.pow, Nat.gcd, Nat.div, Nat.mod, Nat.beq, Nat.ble, Nat.land, Nat.lor, Nat.xor, Nat.shiftLeft, Nat.shiftRight, String.ofList, Char.ofNat, List, eagerReduce, Nat, String, String.mk, Char, optParam, autoParam, semiOutParam, outParam] from NilradicalFrozenChallenge
Building Kourovka.Problems.P21_68.Solution
✔ [3674/3697] Built Kourovka.External.TauCeti.GroupTheory.DoubleCoset.Identity (3.2s)
✔ [3675/3697] Built Kourovka.External.TauCeti.GroupTheory.DoubleCoset.Finite (3.1s)
✔ [3676/3697] Built Kourovka.External.TauCeti.Algebra.Group.Subgroup.Pointwise (3.1s)
✔ [3677/3697] Built Kourovka.External.TauCeti.GroupTheory.GroupAction.Burnside (3.2s)
✔ [3678/3697] Built Kourovka.External.TauCeti.GroupTheory.Index (3.4s)
✔ [3679/3697] Built Kourovka.External.TauCeti.GroupTheory.QuotientGroup.Basic (3.4s)
✔ [3680/3697] Built Kourovka.External.TauCeti.LinearAlgebra.Trace.Pi (4.4s)
✔ [3681/3697] Built Kourovka.External.TauCeti.GroupTheory.GroupAction.Stabilizer (2.3s)
✔ [3682/3697] Built Kourovka.External.TauCeti.RepresentationTheory.CharacterTable.Pairing (5.8s)
✔ [3683/3697] Built Kourovka.External.TauCeti.RepresentationTheory.Induction.ClassFunction (10s)
✔ [3684/3697] Built Kourovka.External.TauCeti.RepresentationTheory.Induction.Conjugate (11s)
✔ [3685/3697] Built Kourovka.External.TauCeti.GroupTheory.DoubleCoset.Orbits (10s)
✔ [3686/3697] Built Kourovka.External.TauCeti.RepresentationTheory.Induction.Mackey.Subgroup (2.3s)
✔ [3687/3697] Built Kourovka.External.TauCeti.RepresentationTheory.Induction.Character (4.4s)
✔ [3688/3697] Built Kourovka.External.TauCeti.RepresentationTheory.Induction.FrobeniusReciprocity (8.5s)
✔ [3689/3697] Built Kourovka.External.TauCeti.RepresentationTheory.Induction.Mackey.Basic (11s)
✔ [3690/3697] Built Kourovka.External.TauCeti.RepresentationTheory.Induction.Mackey.Intertwining (6.0s)
✔ [3691/3697] Built Kourovka.Problems.P21_68.Proof.Obstruction.InducedCoordinates (34s)
✔ [3692/3697] Built Kourovka.Problems.P21_68.Proof.ConjugateInertia (38s)
✔ [3693/3697] Built Kourovka.Problems.P21_68.Proof.Obstruction.LinearInduction (38s)
✔ [3694/3697] Built Kourovka.External.TauCeti.RepresentationTheory.Induction.Mackey.Irreducible (3.5s)
✔ [3695/3697] Built Kourovka.Problems.P21_68.Proof.NonmonomialInduction (20s)
✔ [3696/3697] Built Kourovka.Problems.P21_68.Proof.ScalarInduction (17s)
✔ [3697/3697] Built Kourovka.Problems.P21_68.Solution (13s)
Build completed successfully (3697 jobs).
Exporting #[Quot, Quot.mk, Quot.lift, Quot.ind, Kourovka.P21_68.simple_witnessRepresentation, Kourovka.P21_68.finrank_witnessRepresentation, Kourovka.P21_68.witness_not_monomial, Kourovka.P21_68.G_not_monomial, Kourovka.P21_68.not_notebookStatement, Kourovka.P21_68.G_semiabelian, Kourovka.P21_68.card_G, propext, Quot.sound, Classical.choice, Nat.add, Nat.sub, Nat.mul, Nat.pow, Nat.gcd, Nat.div, Nat.mod, Nat.beq, Nat.ble, Nat.land, Nat.lor, Nat.xor, Nat.shiftLeft, Nat.shiftRight, String.ofList, Char.ofNat, List, eagerReduce, Nat, String, String.mk, Char, optParam, autoParam, semiOutParam, outParam] from Kourovka.Problems.P21_68.Solution
Running nanoda kernel on solution
nanoda kernel accepts the solution
Running Lean default kernel on solution.
Lean default kernel accepts the solution
Your solution is okay!
